Starting a Gradle Daemon, 1 incompatible Daemon could not be reused, use --status for details

> Configure project :app
w: file:///C:/Users/kanna%20sunil/AndroidStudioProjects/Genecare/app/build.gradle.kts:37:5: 'fun BaseAppModuleExtension.kotlinOptions(configure: Action<KotlinJvmOptions>): Unit' is deprecated. The kotlinOptions types are deprecated, please migrate to the compilerOptions types. More details are here: https://kotl.in/u1r8ln.

> Task :app:preBuild UP-TO-DATE
> Task :app:preDebugBuild UP-TO-DATE
> Task :app:mergeDebugNativeDebugMetadata NO-SOURCE
> Task :app:checkKotlinGradlePluginConfigurationErrors SKIPPED
> Task :app:checkDebugAarMetadata UP-TO-DATE
> Task :app:generateDebugResValues UP-TO-DATE
> Task :app:mapDebugSourceSetPaths UP-TO-DATE
> Task :app:generateDebugResources UP-TO-DATE
> Task :app:mergeDebugResources UP-TO-DATE
> Task :app:packageDebugResources UP-TO-DATE
> Task :app:parseDebugLocalResources UP-TO-DATE
> Task :app:createDebugCompatibleScreenManifests UP-TO-DATE
> Task :app:extractDeepLinksDebug UP-TO-DATE

> Task :app:processDebugMainManifest
[com.razorpay:checkout:1.6.40] C:\Users\kanna sunil\.gradle\caches\9.1.0\transforms\5e4d284ee3e3ea12510fe5be1fe07836\workspace\transformed\checkout-1.6.40\AndroidManifest.xml Warning:
	Namespace 'com.razorpay' is used in multiple modules and/or libraries: com.razorpay:checkout:1.6.40, com.razorpay:standard-core:1.7.10, com.razorpay:core:1.0.10. Please ensure that all modules and libraries have a unique namespace. For more information, See https://developer.android.com/studio/build/configure-app-module#set-namespace

> Task :app:processDebugManifest
> Task :app:javaPreCompileDebug UP-TO-DATE
> Task :app:mergeDebugShaders UP-TO-DATE
> Task :app:compileDebugShaders NO-SOURCE
> Task :app:generateDebugAssets UP-TO-DATE
> Task :app:mergeDebugAssets UP-TO-DATE
> Task :app:compressDebugAssets UP-TO-DATE
> Task :app:checkDebugDuplicateClasses UP-TO-DATE
> Task :app:desugarDebugFileDependencies UP-TO-DATE
> Task :app:mergeDebugStartupProfile UP-TO-DATE
> Task :app:mergeExtDexDebug UP-TO-DATE
> Task :app:mergeLibDexDebug UP-TO-DATE
> Task :app:mergeDebugJniLibFolders UP-TO-DATE
> Task :app:mergeDebugNativeLibs NO-SOURCE
> Task :app:stripDebugDebugSymbols NO-SOURCE
> Task :app:validateSigningDebug UP-TO-DATE
> Task :app:writeDebugAppMetadata UP-TO-DATE
> Task :app:writeDebugSigningConfigVersions UP-TO-DATE
> Task :app:processDebugManifestForPackage
> Task :app:processDebugResources
> Task :app:compileDebugKotlin
w: file:///C:/Users/kanna%20sunil/AndroidStudioProjects/Genecare/app/src/main/java/com/simats/genecare/ui/AdminDashboardScreen.kt:112:40 '@property:Deprecated(...) val Icons.Filled.Logout: ImageVector' is deprecated. Use the AutoMirrored version at Icons.AutoMirrored.Filled.Logout.
w: file:///C:/Users/kanna%20sunil/AndroidStudioProjects/Genecare/app/src/main/java/com/simats/genecare/ui/AnalyticsScreen.kt:70:44 '@property:Deprecated(...) val Icons.Filled.ArrowBack: ImageVector' is deprecated. Use the AutoMirrored version at Icons.AutoMirrored.Filled.ArrowBack.
w: file:///C:/Users/kanna%20sunil/AndroidStudioProjects/Genecare/app/src/main/java/com/simats/genecare/ui/AnalyticsScreen.kt:222:49 '@property:Deprecated(...) val Icons.Filled.TrendingUp: ImageVector' is deprecated. Use the AutoMirrored version at Icons.AutoMirrored.Filled.TrendingUp.
w: file:///C:/Users/kanna%20sunil/AndroidStudioProjects/Genecare/app/src/main/java/com/simats/genecare/ui/CounselorPendingDashboardScreen.kt:494:49 '@property:Deprecated(...) val Icons.Filled.ExitToApp: ImageVector' is deprecated. Use the AutoMirrored version at Icons.AutoMirrored.Filled.ExitToApp.
w: file:///C:/Users/kanna%20sunil/AndroidStudioProjects/Genecare/app/src/main/java/com/simats/genecare/ui/CounselorPerformanceScreen.kt:94:58 '@property:Deprecated(...) val Icons.Filled.TrendingUp: ImageVector' is deprecated. Use the AutoMirrored version at Icons.AutoMirrored.Filled.TrendingUp.
w: file:///C:/Users/kanna%20sunil/AndroidStudioProjects/Genecare/app/src/main/java/com/simats/genecare/ui/CounselorPerformanceScreen.kt:94:88 '@property:Deprecated(...) val Icons.Filled.TrendingDown: ImageVector' is deprecated. Use the AutoMirrored version at Icons.AutoMirrored.Filled.TrendingDown.
w: file:///C:/Users/kanna%20sunil/AndroidStudioProjects/Genecare/app/src/main/java/com/simats/genecare/ui/CounselorSettingsScreen.kt:68:13 '@Deprecated(...) @Composable() @ComposableTarget(...) fun Divider(modifier: Modifier = ..., thickness: Dp = ..., color: Color = ...): Unit' is deprecated. Renamed to HorizontalDivider.
w: file:///C:/Users/kanna%20sunil/AndroidStudioProjects/Genecare/app/src/main/java/com/simats/genecare/ui/CounselorSettingsScreen.kt:79:13 '@Deprecated(...) @Composable() @ComposableTarget(...) fun Divider(modifier: Modifier = ..., thickness: Dp = ..., color: Color = ...): Unit' is deprecated. Renamed to HorizontalDivider.
w: file:///C:/Users/kanna%20sunil/AndroidStudioProjects/Genecare/app/src/main/java/com/simats/genecare/ui/MyResultsScreen.kt:186:21 '@Deprecated(...) @Composable() @ComposableTarget(...) fun CircularProgressIndicator(progress: Float, modifier: Modifier = ..., color: Color = ..., strokeWidth: Dp = ..., trackColor: Color = ..., strokeCap: StrokeCap = ...): Unit' is deprecated. Use the overload that takes `progress` as a lambda.
w: file:///C:/Users/kanna%20sunil/AndroidStudioProjects/Genecare/app/src/main/java/com/simats/genecare/ui/MyResultsScreen.kt:192:21 '@Deprecated(...) @Composable() @ComposableTarget(...) fun CircularProgressIndicator(progress: Float, modifier: Modifier = ..., color: Color = ..., strokeWidth: Dp = ..., trackColor: Color = ..., strokeCap: StrokeCap = ...): Unit' is deprecated. Use the overload that takes `progress` as a lambda.
w: file:///C:/Users/kanna%20sunil/AndroidStudioProjects/Genecare/app/src/main/java/com/simats/genecare/ui/MyResultsScreen.kt:220:13 '@Deprecated(...) @Composable() @ComposableTarget(...) fun LinearProgressIndicator(progress: Float, modifier: Modifier = ..., color: Color = ..., trackColor: Color = ..., strokeCap: StrokeCap = ...): Unit' is deprecated. Use the overload that takes `progress` as a lambda.
w: file:///C:/Users/kanna%20sunil/AndroidStudioProjects/Genecare/app/src/main/java/com/simats/genecare/ui/ReportsAndLogsScreen.kt:59:44 '@property:Deprecated(...) val Icons.Filled.ArrowBack: ImageVector' is deprecated. Use the AutoMirrored version at Icons.AutoMirrored.Filled.ArrowBack.
w: file:///C:/Users/kanna%20sunil/AndroidStudioProjects/Genecare/app/src/main/java/com/simats/genecare/ui/ReportsAndLogsScreen.kt:199:35 '@property:Deprecated(...) val Icons.Filled.InsertDriveFile: ImageVector' is deprecated. Use the AutoMirrored version at Icons.AutoMirrored.Filled.InsertDriveFile.
w: file:///C:/Users/kanna%20sunil/AndroidStudioProjects/Genecare/app/src/main/java/com/simats/genecare/ui/SignInScreen.kt:85:21 Condition is always 'true'.
w: file:///C:/Users/kanna%20sunil/AndroidStudioProjects/Genecare/app/src/main/java/com/simats/genecare/ui/SystemSettingsScreen.kt:79:17 '@Deprecated(...) @Composable() @ComposableTarget(...) fun Divider(modifier: Modifier = ..., thickness: Dp = ..., color: Color = ...): Unit' is deprecated. Renamed to HorizontalDivider.
w: file:///C:/Users/kanna%20sunil/AndroidStudioProjects/Genecare/app/src/main/java/com/simats/genecare/ui/SystemSettingsScreen.kt:98:17 '@Deprecated(...) @Composable() @ComposableTarget(...) fun Divider(modifier: Modifier = ..., thickness: Dp = ..., color: Color = ...): Unit' is deprecated. Renamed to HorizontalDivider.
w: file:///C:/Users/kanna%20sunil/AndroidStudioProjects/Genecare/app/src/main/java/com/simats/genecare/ui/SystemSettingsScreen.kt:110:17 '@Deprecated(...) @Composable() @ComposableTarget(...) fun Divider(modifier: Modifier = ..., thickness: Dp = ..., color: Color = ...): Unit' is deprecated. Renamed to HorizontalDivider.

> Task :app:compileDebugJavaWithJavac NO-SOURCE
> Task :app:processDebugJavaRes UP-TO-DATE
> Task :app:mergeDebugJavaResource UP-TO-DATE
> Task :app:dexBuilderDebug
> Task :app:mergeProjectDexDebug
> Task :app:packageDebug
> Task :app:createDebugApkListingFileRedirect
> Task :app:assembleDebug

[Incubating] Problems report is available at: file:///C:/Users/kanna%20sunil/AndroidStudioProjects/Genecare/build/reports/problems/problems-report.html

Deprecated Gradle features were used in this build, making it incompatible with Gradle 10.

You can use '--warning-mode all' to show the individual deprecation warnings and determine if they come from your own scripts or plugins.

For more on this, please refer to https://docs.gradle.org/9.1.0/userguide/command_line_interface.html#sec:command_line_warnings in the Gradle documentation.

BUILD SUCCESSFUL in 3m 47s
33 actionable tasks: 9 executed, 24 up-to-date
Consider enabling configuration cache to speed up this build: https://docs.gradle.org/9.1.0/userguide/configuration_cache_enabling.html
